---
source: src/lock_file/satisfiability.rs
expression: s
---
environment 'default' does not satisfy the requirements of the project
    Diagnostic severity: error
    Caused by: the lock-file was solved with exclude-newer set to 2023-10-01 00:00:00 UTC, but the environment has this option set to 2025-11-04 00:00:00 UTC
