---
source: src/lock_file/satisfiability.rs
expression: s
input_file: tests/non-satisfiability/expected-editable-multiple/pixi.toml
---
environment 'default' does not satisfy the requirements of the project for platform 'win-64
    Diagnostic severity: error
    Caused by: the requirement 'bar @ file:///Users/tdejager/development/prefix/pixi/tests/non-satisfiability/expected-editable-multiple/bar' could not be satisfied (required by '<environment>')
