---
source: src/lock_file/satisfiability.rs
expression: "format!(\"{err:?}\")"
input_file: tests/non-satisfiability/solve-groups-pypi/pixi.toml
---
  [31m×[0m environment 'default' does not satisfy the requirements of the project for platform 'win-64
[31m  ╰─▶ [0mthe requirement 'packaging >=20.0' could not be satisfied (required by 'matplotlib')
