---
source: src/lock_file/python.rs
expression: tags
---
[
    "macosx_14_0_arm64",
    "macosx_14_0_universal2",
    "macosx_13_0_arm64",
    "macosx_13_0_universal2",
    "macosx_12_0_arm64",
    "macosx_12_0_universal2",
    "macosx_11_0_arm64",
    "macosx_11_0_universal2",
    "macosx_10_16_universal2",
    "macosx_10_15_universal2",
    "macosx_10_14_universal2",
    "macosx_10_13_universal2",
    "macosx_10_12_universal2",
    "macosx_10_11_universal2",
    "macosx_10_10_universal2",
    "macosx_10_9_universal2",
    "macosx_10_8_universal2",
    "macosx_10_7_universal2",
    "macosx_10_6_universal2",
    "macosx_10_5_universal2",
    "macosx_10_4_universal2",
]
