---
source: src/lock_file/satisfiability.rs
expression: s
input_file: tests/non-satisfiability/missing-pypi-extra/pixi.toml
---
environment 'default' does not satisfy the requirements of the project for platform 'win-64
    Diagnostic severity: error
    Caused by: the requirement 'ipython >=7.8.0 ; extra == 'jupyter'' could not be satisfied (required by 'black')
