---
source: crates/pixi-build-python/src/main.rs
expression: result
---
Ok(
    {
        "**/*.py",
        "**/*.pyx",
        "Pipfile",
        "Pipfile.lock",
        "custom/*.py",
        "poetry.lock",
        "pyproject.toml",
        "requirements*.txt",
        "setup.cfg",
        "setup.py",
        "tox.ini",
    },
)
