---
source: crates/pixi_build_frontend/tests/diagnostics.rs
expression: snapshot
---
  × failed to setup a build backend, failed to parse [SOURCE_DIR]/pixi.toml
  ╰─▶   × missing field 'channels' in table
         ╭─[pixi.toml:1:1]
       1 │ [workspace]
         · ───────────
         ╰────
      
  help: Ensure that the manifest at '[SOURCE_DIR]/pixi.toml' is a valid pixi project manifest
