---
source: crates/pixi_build_cmake/src/main.rs
expression: generated_recipe.recipe
---
context: {}
package:
  name: foobar
  version: 0.1.0
source: []
build:
  script:
    content: "[ ... script ... ]"
    env:
      SCCACHE_BUCKET: my-bucket
    secrets:
      - SCCACHE_SYSTEM
requirements:
  build:
    - "${{ compiler('cxx') }}"
    - cmake
    - ninja
    - sccache
  host: []
  run:
    - boltons
  run_constraints: []
tests: []
about: {}
