---
source: crates/pixi_spec/src/toml.rs
expression: parse_toml_error(input)
---
  × it seems you're trying to add a path dependency, please specify as a table with a `path` key: '{ path = "//" }'
   ╭─[pixi.toml:2:41]
 1 │ version = "*"
 2 │ when = { package = "python", version = "//" }
   ·                                         ──
   ╰────
