---
source: crates/pixi_spec/src/toml.rs
expression: parse_toml_error(input)
---
  × source-location fields (`url`, `git`, `path`, `md5`, `sha256`, ...) are not allowed inside `when` tables
   ╭─[pixi.toml:2:8]
 1 │ version = "*"
 2 │ when = { package = "python", md5 = "d41d8cd98f00b204e9800998ecf8427e" }
   ·        ────────────────────────────────────────────────────────────────
   ╰────
