---
source: crates/pixi_spec/src/lib.rs
assertion_line: 454
expression: snapshot
---
- input:
    version: 1.2.3
  result:
    version: "==1.2.3"
- input:
    sha256: 315f5bdb76d078c43b8ac0064e4a0164612b1fce77c869345bfc94c75894edd3
    version: 1.2.3
  result:
    sha256: 315f5bdb76d078c43b8ac0064e4a0164612b1fce77c869345bfc94c75894edd3
    version: "==1.2.3"
- input:
    sha256: 315f5bdb76d078c43b8ac0064e4a0164612b1fce77c869345bfc94c75894edd3
  result:
    sha256: 315f5bdb76d078c43b8ac0064e4a0164612b1fce77c869345bfc94c75894edd3
- input:
    subdir: linux-64
  result:
    subdir: linux-64
- input:
    channel: conda-forge
    subdir: linux-64
  result:
    channel:
      base_url: "https://conda.anaconda.org/conda-forge/"
      name: conda-forge
    subdir: linux-64
- input:
    channel: conda-forge
    subdir: linux-64
  result:
    channel:
      base_url: "https://conda.anaconda.org/conda-forge/"
      name: conda-forge
    subdir: linux-64
- input:
    url: "https://conda.anaconda.org/conda-forge/linux-64/21cmfast-3.3.1-py38h0db86a8_1.conda"
  result:
    url: "https://conda.anaconda.org/conda-forge/linux-64/21cmfast-3.3.1-py38h0db86a8_1.conda"
- input:
    sha256: 315f5bdb76d078c43b8ac0064e4a0164612b1fce77c869345bfc94c75894edd3
    url: "https://conda.anaconda.org/conda-forge/linux-64/21cmfast-3.3.1-py38h0db86a8_1.conda"
  result:
    sha256: 315f5bdb76d078c43b8ac0064e4a0164612b1fce77c869345bfc94c75894edd3
    url: "https://conda.anaconda.org/conda-forge/linux-64/21cmfast-3.3.1-py38h0db86a8_1.conda"
- input:
    path: 21cmfast-3.3.1-py38h0db86a8_1.conda
  result:
    url: "file://<ROOT>/21cmfast-3.3.1-py38h0db86a8_1.conda"
- input:
    path: packages/foo/.././21cmfast-3.3.1-py38h0db86a8_1.conda
  result:
    url: "file://<ROOT>/packages/21cmfast-3.3.1-py38h0db86a8_1.conda"
- input:
    url: "file:///21cmfast-3.3.1-py38h0db86a8_1.conda"
  result:
    url: "file:///21cmfast-3.3.1-py38h0db86a8_1.conda"
- input:
    path: ~/foo/../21cmfast-3.3.1-py38h0db86a8_1.conda
  result:
    url: "file://<HOME>/21cmfast-3.3.1-py38h0db86a8_1.conda"
- input:
    path: foobar
  result: ~
- input:
    path: ~/.cache
  result: ~
- input:
    git: "https://github.com/conda-forge/21cmfast-feedstock"
  result: ~
- input:
    branch: main
    git: "https://github.com/conda-forge/21cmfast-feedstock"
  result: ~
- input:
    url: "http://github.com/conda-forge/21cmfast-feedstock/releases/21cmfast-3.3.1-py38h0db86a8_1.zip"
  result: ~
