---
source: crates/pixi_build_python/src/main.rs
expression: result
---
Ok(
    [
        "setup.py",
        "setup.cfg",
        "pyproject.toml",
        "requirements*.txt",
        "Pipfile",
        "Pipfile.lock",
        "poetry.lock",
        "tox.ini",
        "**/*.py",
        "**/*.{cc,cxx,cpp,hpp,hxx}",
    ],
)
