---
source: src/global/project/parsed_manifest.rs
expression: "examples.into_iter().map(|example|\n                ParsedManifest::from_toml_str(&example).unwrap_err().to_string()).collect::<Vec<_>>().join(\"\\n\")"
---
TOML parse error at line 1, column 2
  |
1 | [invalid]
  |  ^^^^^^^
unknown field `invalid`, expected `envs`

TOML parse error at line 1, column 15
  |
1 | [envs.ipython.invalid]
  |               ^^^^^^^
unknown field `invalid`, expected `dependencies` or `exposed`
