---
source: crates/pixi_manifest/src/discovery.rs
expression: snapshot
---
  × Missing table in manifest pyproject.toml
   ╭─[<CARGO_ROOT>/tests/data/workspace-discovery/missing-tables/pyproject.toml:1:1]
 1 │ [project]
   · ─
 2 │ name = "malformed"
   ╰────
  help: Check your manifest for a [tool.pixi.*] table. See https://pixi.sh/latest/python/pyproject_toml for more information.
