---
source: crates/pixi_manifest/src/discovery.rs
expression: snapshot
---
  × `workspace` cannot be false
    ╭─[<CARGO_ROOT>/tests/data/workspace-discovery/invalid_inherit/pixi.toml:9:22]
  8 │ # This should error because `workspace = false` is illegal.
  9 │ name = { workspace = false }
    ·                      ─────
 10 │
    ╰────
  help: By default no fields are inherited from the workspace
