---
source: crates/pixi_build_frontend/src/into_build_types.rs
expression: package_model
---
{
  "name": "boltons",
  "version": "0.1.0",
  "description": "Add a short description here",
  "authors": [
    "nichmor <nmorkotilo@gmail.com>"
  ],
  "license": null,
  "license_file": null,
  "readme": null,
  "homepage": null,
  "repository": null,
  "documentation": null,
  "configuration": null,
  "targets": {
    "default_target": {
      "host_dependencies": {
        "hatchling": {
          "detailedVersion": {
            "version": "*",
            "build": null,
            "build_number": null,
            "file_name": null,
            "channel": null,
            "subdir": null,
            "md5": null,
            "sha256": null
          }
        }
      },
      "build_dependencies": {},
      "run_dependencies": {}
    },
    "targets": {}
  }
}
