---
source: crates/pixi_build_frontend/src/into_build_types.rs
expression: project_model
---
name: sdl_example
version: 0.1.0
description: Showcases how to create a simple C++ executable with Pixi
authors:
  - Bas Zalmstra <bas@prefix.dev>
license: ~
license_file: ~
readme: ~
homepage: ~
repository: ~
documentation: ~
configuration: ~
targets:
  default_target:
    host_dependencies:
      sdl2:
        detailedVersion:
          version: ">=2.26.5,<3.0"
          build: ~
          build_number: ~
          file_name: ~
          channel: ~
          subdir: ~
          namespace: ~
          md5: ~
          sha256: ~
          url: ~
    build_dependencies: {}
    run_dependencies: {}
  targets: {}
