---
source: crates/pixi_build_mojo/src/main.rs
expression: generated_recipe.recipe
---
context: {}
package:
  name: foobar
  version: 0.1.0
source: []
build:
  script:
    content: "mojo --version\n\nmojo build -i . ./main.mojo -o $PREFIX/bin/example\n\n\nmojo package -i . mylib -o $PREFIX/lib/mojo/lib.mojopkg"
    env: {}
    secrets: []
requirements:
  build: []
  host: []
  run:
    - boltons
  run_constraints: []
tests: []
about: {}
