---
source: src/project/manifest/pypi/pypi_options.rs
expression: merged_opts
---
index-url: "https://example.com/pypi"
extra-index-urls:
  - "https://example.com/extra"
  - "https://example.com/extra2"
find-links:
  - path: /path/to/flat/index
  - url: "https://flat.index/"
  - path: /path/to/flat/index2
  - url: "https://flat.index2/"
