---
source: crates/pixi_build_rust/src/build_script.rs
expression: script
---
export CARGO="$BUILD_PREFIX/bin/cargo"
export RUSTC="$BUILD_PREFIX/bin/rustc"
export RUSTDOC="$BUILD_PREFIX/bin/rustdoc"

"$BUILD_PREFIX/bin/cargo" install --locked --root "$PREFIX" --path "my-prefix-dir" --target-dir target --no-track  --force
