---
source: crates/pixi_build_type_conversions/src/project_model.rs
expression: project_model
---
{
  "version": "1",
  "name": "python_bindings",
  "version": "0.1.0",
  "description": null,
  "authors": null,
  "license": null,
  "licenseFile": null,
  "readme": null,
  "homepage": null,
  "repository": null,
  "documentation": null,
  "configuration": null,
  "targets": {
    "defaultTarget": {
      "hostDependencies": {
        "cmake": {
          "detailedVersion": {
            "version": ">=3.20,<3.27",
            "build": null,
            "buildNumber": null,
            "fileName": null,
            "channel": null,
            "subdir": null,
            "md5": null,
            "sha256": null
          }
        },
        "nanobind": {
          "detailedVersion": {
            "version": ">=2.4.0,<2.5.0",
            "build": null,
            "buildNumber": null,
            "fileName": null,
            "channel": null,
            "subdir": null,
            "md5": null,
            "sha256": null
          }
        },
        "python_abi": {
          "detailedVersion": {
            "version": ">=3.12,<3.13",
            "build": null,
            "buildNumber": null,
            "fileName": null,
            "channel": null,
            "subdir": null,
            "md5": null,
            "sha256": null
          }
        }
      },
      "buildDependencies": {},
      "runDependencies": {
        "python": {
          "detailedVersion": {
            "version": ">=3.12,<3.13",
            "build": null,
            "buildNumber": null,
            "fileName": null,
            "channel": null,
            "subdir": null,
            "md5": null,
            "sha256": null
          }
        }
      }
    },
    "targets": {}
  }
}
