---
source: crates/pixi_build_type_conversions/src/project_model.rs
expression: package_model
---
{
  "name": "sdl_example",
  "version": "0.1.0",
  "description": "Showcases how to create a simple C++ executable with Pixi",
  "authors": [
    "Bas Zalmstra <bas@prefix.dev>"
  ],
  "license": null,
  "licenseFile": null,
  "readme": null,
  "homepage": null,
  "repository": null,
  "documentation": null,
  "targets": {
    "defaultTarget": {
      "hostDependencies": {
        "sdl2": {
          "binary": {
            "version": ">=2.26.5,<3.0",
            "build": null,
            "buildNumber": null,
            "fileName": null,
            "channel": null,
            "subdir": null,
            "md5": null,
            "sha256": null,
            "url": null,
            "license": null
          }
        }
      },
      "buildDependencies": {},
      "runDependencies": {}
    },
    "targets": {}
  }
}
