---
source: tests/integration_rust/upgrade_tests.rs
expression: redacted_content
---
        [workspace]
        channels = ["https://prefix.dev/conda-forge"]
        platforms = ["[PLATFORM]"]
        exclude-newer = "2025-05-19"

        [pypi-dependencies]
        click = { version = ">=8.2.0, <9", index = "https://pypi.tuna.tsinghua.edu.cn/simple" }

        [dependencies]
        python = ">=3.13.3,<3.14"
