---
source: tests/integration_rust/add_tests.rs
expression: pixi.project().unwrap().manifest().source.to_string()
---
[project]
name = "test-channel-change"
channels = ["https://prefix.dev/conda-forge"]
platforms = ["osx-arm64"]

[pypi-dependencies]
boltons = { git = "https://github.com/mahmoud/boltons.git" }
