---
source: src/lock_file/satisfiability/mod.rs
expression: s
---
environment 'default' does not satisfy the requirements of the project for platform 'linux-64'
    Diagnostic severity: error
    Caused by: the input hash for 'child-package' (739fe1749de1ec9d6d857d63fcea2e291b51a42d265e79c54688d3baf971f5d0) does not match the hash in the lock-file (78aeb8c1b1c88409ca82cd8dd726f94441fe5c9b8940301113491f08caed4b21)
