---
source: crates/pixi_build_discovery/tests/discovery.rs
expression: backend
input_file: tests/data/discovery/recipe_yml/TEST-CASE
---
backend-spec:
  type: json-rpc
  name: pixi-build-rattler-build
  command:
    type: environment-spec
    requirement:
      - pixi-build-rattler-build
      - "*"
    channels:
      - "https://conda.anaconda.org/conda-forge"
      - "https://prefix.dev/pixi-build-backends"
init-params:
  workspace-root: "file://<ROOT>/recipe_yml"
  source: ~
  source-anchor: "file://<ROOT>/recipe_yml"
  manifest-path: "file://<ROOT>/recipe_yml/recipe.yml"
  project-model: ~
  configuration: ~
  target-configuration: ~
