---
source: crates/pixi_manifest/src/pypi/pypi_requirement.rs
expression: "snapshot.into_iter().map(|Snapshot { input, result }|\nformat!(\"input: {input}\\nresult: {} \",\nresult.as_object().unwrap().get(\"error\").unwrap().as_str().unwrap())).join(\"\\n\")"
snapshot_kind: text
---
input: pkg = { ver = "1.2.3" }
result: 
  × Unexpected keys, expected only 'version', 'extras', 'path', 'editable', 'git', 'branch', 'tag', 'rev', 'url', 'subdirectory', 'index'
   ╭─[pixi.toml:1:9]
 1 │ pkg = { ver = "1.2.3" }
   ·         ─┬─
   ·          ╰── 'ver' was not expected here
   ╰────
  help: Did you mean 'version'? 
input: pkg = { path = "foobar", "version" = "==1.2.3" }
result: 
  × `version` cannot be used with `path`
   ╭─[pixi.toml:1:7]
 1 │ pkg = { path = "foobar", "version" = "==1.2.3" }
   ·       ──────────────────────────────────────────
   ╰──── 
input: pkg = { version = "//" }
result: 
  × Failed to parse version: Unexpected end of version specifier, expected operator:
  │ //
  │ ^^

   ╭─[pixi.toml:1:20]
 1 │ pkg = { version = "//" }
   ·                    ──
   ╰──── 
input: pkg = { git = "https://github.com/conda-forge/21cmfast-feedstock", branch = "main", tag = "v1" }
result: 
  × Only one of `branch` or `tag` or `rev` can be specified
   ╭─[pixi.toml:1:7]
 1 │ pkg = { git = "https://github.com/conda-forge/21cmfast-feedstock", branch = "main", tag = "v1" }
   ·       ──────────────────────────────────────────────────────────────────────────────────────────
   ╰──── 
input: pkg = { git = "https://github.com/conda-forge/21cmfast-feedstock", branch = "main", tag = "v1", "rev" = "123456" }
result: 
  × Only one of `branch` or `tag` or `rev` can be specified
   ╭─[pixi.toml:1:7]
 1 │ pkg = { git = "https://github.com/conda-forge/21cmfast-feedstock", branch = "main", tag = "v1", "rev" = "123456" }
   ·       ────────────────────────────────────────────────────────────────────────────────────────────────────────────
   ╰──── 
input: pkg = { git = "https://github.com/conda-forge/21cmfast-feedstock", branch = "main", rev = "v1" }
result: 
  × Only one of `branch` or `tag` or `rev` can be specified
   ╭─[pixi.toml:1:7]
 1 │ pkg = { git = "https://github.com/conda-forge/21cmfast-feedstock", branch = "main", rev = "v1" }
   ·       ──────────────────────────────────────────────────────────────────────────────────────────
   ╰──── 
input: pkg = { git = "https://github.com/conda-forge/21cmfast-feedstock", tag = "v1", rev = "123456" }
result: 
  × Only one of `branch` or `tag` or `rev` can be specified
   ╭─[pixi.toml:1:7]
 1 │ pkg = { git = "https://github.com/conda-forge/21cmfast-feedstock", tag = "v1", rev = "123456" }
   ·       ─────────────────────────────────────────────────────────────────────────────────────────
   ╰──── 
input: pkg = { git = "ssh://github.com:conda-forge/21cmfast-feedstock"}
result: 
  × invalid port number
   ╭─[pixi.toml:1:16]
 1 │ pkg = { git = "ssh://github.com:conda-forge/21cmfast-feedstock"}
   ·                ───────────────────────────────────────────────
   ╰──── 
input: pkg = { branch = "main", tag = "v1", rev = "123456"  }
result: 
  × `branch`, `rev`, and `tag` are only valid when `git` is specified
   ╭─[pixi.toml:1:7]
 1 │ pkg = { branch = "main", tag = "v1", rev = "123456"  }
   ·       ────────────────────────────────────────────────
   ╰──── 
input: pkg = "/path/style"
result: 
  × it seems you're trying to add a path dependency, please specify as a table with a `path` key: '{ path = "/path/style" }'
   ╭─[pixi.toml:1:8]
 1 │ pkg = "/path/style"
   ·        ───────────
   ╰──── 
input: pkg = "./path/style"
result: 
  × it seems you're trying to add a path dependency, please specify as a table with a `path` key: '{ path = "./path/style" }'
   ╭─[pixi.toml:1:8]
 1 │ pkg = "./path/style"
   ·        ────────────
   ╰──── 
input: pkg = "\\path\\style"
result: 
  × it seems you're trying to add a path dependency, please specify as a table with a `path` key: '{ path = "/path/style" }'
   ╭─[pixi.toml:1:8]
 1 │ pkg = "//path//style"
   ·        ─────────────
   ╰──── 
input: pkg = "~/path/style"
result: 
  × it seems you're trying to add a path dependency, please specify as a table with a `path` key: '{ path = "~/path/style" }'
   ╭─[pixi.toml:1:8]
 1 │ pkg = "~/path/style"
   ·        ────────────
   ╰──── 
input: pkg = "https://example.com"
result: 
  × it seems you're trying to add a url dependency, please specify as a table with a `url` key: '{ url = "https://example.com" }'
   ╭─[pixi.toml:1:8]
 1 │ pkg = "https://example.com"
   ·        ───────────────────
   ╰──── 
input: pkg = "https://github.com/conda-forge/21cmfast-feedstock"
result: 
  × it seems you're trying to add a git dependency, please specify as a table with a `git` key: '{ git = "https://github.com/conda-forge/21cmfast-feedstock" }'
   ╭─[pixi.toml:1:8]
 1 │ pkg = "https://github.com/conda-forge/21cmfast-feedstock"
   ·        ─────────────────────────────────────────────────
   ╰────
