---
source: crates/pixi_manifest/src/manifests/workspace.rs
expression: "expect_parse_failure(&format!(\"{PROJECT_BOILERPLATE}\\n[foobar]\"))"
---
  × unknown field `foobar`, expected one of `project`, `workspace`, `package`, `system-requirements`, `target`, `dependencies`, `host-dependencies`, `build-dependencies`, `run-dependencies`, `pypi-
  │ dependencies`, `activation`, `tasks`, `feature`, `environments`, `pypi-options`, `build-system`, `$schema`, `tool`
   ╭─[pixi.toml:8:2]
 7 │         
 8 │ [foobar]
   ·  ──────
   ╰────
