---
source: crates/pixi_manifest/src/manifests/source.rs
assertion_line: 108
expression: source.to_string()
---
[project]
name = "test"
[tool.pixi.project]
channels = []
platforms = []

[tool.pixi.environments]
foo = []
bar = ["not-default"]
baz = { features = ["default"], solve-group = "group1" }
foobar = { features = ["default"], solve-group = "group1", no-default-feature = true }
barfoo = { features = ["default"], no-default-feature = true }
