---
source: crates/pixi_core/src/lock_file/satisfiability/mod.rs
expression: s
snapshot_kind: text
---
environment 'default' does not satisfy the requirements of the project for platform 'linux-64'
    Diagnostic severity: error
    Caused by: the input hash for 'child-package' (42f7ce4fba04df2f3fea43a6174eb82033e41c53f5a0fc476f673ff9688bd58f) does not match the hash in the lock-file (64a8e9eb88c4f6e944a37279a38a47fe7872454fb62bcafad63d200aef4b4a05)
