---
source: crates/pixi_core/src/lock_file/satisfiability/mod.rs
expression: s
---
environment 'default' does not satisfy the requirements of the project
    Diagnostic severity: error
    Caused by: the lock-file was solved with system requirements incompatible with the tags on wheel (cryptography)
