---
source: crates/pixi_core/src/lock_file/satisfiability/tests.rs
expression: s
---
environment 'default' does not satisfy the requirements of the project for platform 'linux-64'
    Diagnostic severity: error
    Caused by: the locked package build source for 'self-package' does not match the requested build source, the locked path '..' does not match the requested path './source-files'
