---
source: crates/pixi_core/src/lock_file/satisfiability/mod.rs
expression: s
---
environment 'default' does not satisfy the requirements of the project
    Diagnostic severity: error
    Caused by: the locked package 'foobar' has timestamp 2025-11-05 00:00:00 UTC, which is newer than the environment's exclude-newer cutoff 2025-11-04 00:00:00 UTC
