---
source: crates/pixi_core/src/lock_file/satisfiability/mod.rs
expression: s
---
environment 'default' does not satisfy the requirements of the project for platform 'win-64'
    Diagnostic severity: error
    Caused by: source package 'source' requires rebuild or re-evaluation; forcing a full re-lock
