---
source: crates/pixi_core/src/lock_file/satisfiability/mod.rs
expression: s
---
environment 'default' does not satisfy the requirements of the project for platform 'win-64'
    Diagnostic severity: error
    Caused by: failed to discover a valid project manifest, the source path '/Users/graf/oss/pixi/tests/data/non-satisfiability/source-recursive-dependency-changed-dir/foobar' could not be found
