---
source: crates/pixi_cli/src/completion.rs
expression: result
---
module completions {
    def "nu-complete pixi run environment" [] {
      ^pixi info --json | from json | get environments_info | get name
    }

    def "nu-complete pixi run" [] {
      ^pixi info --json | from json | get environments_info | get tasks | flatten | uniq
    }

    export alias "pixi r" = pixi run
    

  # Runs task in project
  export def --wrapped "pixi run" [...task: string@"nu-complete pixi run"] {
    ^pixi run ...$task
  }

  # Run a command and install it in a temporary environment
  export def --wrapped "pixi exec" [...args: string] {
    ^pixi exec ...$args
  }
}
