---
source: crates/pixi_cli/src/completion.rs
expression: result
---
        pixi__subcmd__project__subcmd__help__subcmd__help)
            opts=""
            COMPREPLY=( $(compgen -W "${opts}" -- "${cur}") )
            return 0
            ;;
        pixi__subcmd__run)
            opts="-e -v -q -h --manifest-path --locked --frozen --environment --verbose --quiet --color --help [TASK]..."
            if [[ ${cur} == -* ]] ; then
                COMPREPLY=( $(compgen -W "${opts}" -- "${cur}") )
                return 0
            fi
            case "${prev}" in
                --manifest-path)
                    COMPREPLY=($(compgen -f "${cur}"))
                    return 0
                    ;;
                --environment)
                    local environments
                    if environments=$(pixi workspace environment list --machine-readable 2> /dev/null) && [[ -n "${environments}" ]]; then
                        COMPREPLY=( $(compgen -W "${environments}" -- "${cur}") )
                    else
                        COMPREPLY=($(compgen -f "${cur}"))
                    fi
                    return 0
                    ;;
                -e)
                    local environments
                    if environments=$(pixi workspace environment list --machine-readable 2> /dev/null) && [[ -n "${environments}" ]]; then
                        COMPREPLY=( $(compgen -W "${environments}" -- "${cur}") )
                    else
                        COMPREPLY=($(compgen -f "${cur}"))
                    fi
                    return 0
                    ;;
                --color)
                    COMPREPLY=($(compgen -W "always never auto" -- "${cur}"))
                    return 0
                    ;;
                *)
                    COMPREPLY=()
                    ;;
            esac
            local tasks
            if tasks=$(pixi task list --machine-readable 2> /dev/null) && [[ -n "${tasks}" ]]; then
                COMPREPLY=( $(compgen -W "${tasks}" -- "${cur}") )
                return 0
            fi
            COMPREPLY=( $(compgen -W "${opts}" -- "${cur}") )
            return 0
            ;;
        pixi__subcmd__search)
            opts="-c -l -v -q -h --channel --color --help <PACKAGE>"
            if [[ ${cur} == -* || ${COMP_CWORD} -eq 2 ]] ; then
                COMPREPLY=( $(compgen -W "${opts}" -- "${cur}") )
                return 0
            fi
            case "${prev}" in
                --channel)
                    COMPREPLY=($(compgen -f "${cur}"))
                    return 0
                    ;;
                *)
                    COMPREPLY=()
                    ;;
            esac
            COMPREPLY=( $(compgen -W "${opts}" -- "${cur}") )
            return 0
            ;;
