---
source: crates/pixi_cli/src/completion.rs
expression: result
---
  # Runs task in project
  export extern "pixi run" [
    ...task: string@"nu-complete pixi task"           # The pixi task or a task shell command you want to run in the project's environment, which can be an executable in the environment's PATH
    --manifest-path: string   # The path to `pixi.toml`, `pyproject.toml`, or the project directory
    --no-lockfile-update      # Legacy flag, do not use, will be removed in subsequent version
    --frozen                  # Install the environment as defined in the lock file, doesn't update lock file if it isn't up-to-date with the manifest file
    --locked                  # Check if lock file is up-to-date before installing the environment, aborts when lock file isn't up-to-date with the manifest file
    --no-install              # Don't modify the environment, only modify the lock file
    --tls-no-verify           # Do not verify the TLS certificate of the server
    --auth-file: string       # Path to the file containing the authentication token
    --pypi-keyring-provider: string # Specifies if we want to use uv keyring provider
    --concurrent-solves: string # Max concurrent solves, default is the number of CPUs
    --concurrent-downloads: string # Max concurrent network requests, default is 50
    --force-activate          # Do not use the environment activation cache. (default: true except in experimental mode)
    --environment(-e): string@"nu-complete pixi environment" # The environment to run the task in
    --platform(-p): string@"nu-complete pixi platform"    # Install and run in the environment for the given platform
    --clean-env               # Use a clean environment to run the task
    --skip-deps               # Don't run the dependencies of the task ('depends-on' field in the task definition)
    --verbose(-v)             # Increase logging verbosity
    --quiet(-q)               # Decrease logging verbosity
    --no-progress             # Hide all progress bars, always turned on if stderr is not a terminal
    --help(-h)                # Print help (see more with '--help')
  ]

  # Activate a shell
  export extern "pixi shell" [
    --environment(-e): string@"nu-complete pixi environment" # The environment to activate in the shell
  ]

  # Install a global tool
  export extern "pixi global install" [
    --environment(-e): string # Ensures that all packages will be installed in the same environment
    --platform(-p): string    # The platform to install the packages for
  ]
