# serializer version: 1
# name: test_generated_recipe_from_model
  '''
  context: {}
  package:
    name: test_project
    version: 1.0.0
  source: []
  build:
    number: null
    script:
      content: ''
      env: {}
      secrets: []
  requirements:
    build: []
    host: []
    run: []
    run_constraints: []
  tests: []
  about:
    homepage: null
    license: null
    license_file: null
    summary: null
    description: null
    documentation: null
    repository: null
  extra: null
  
  '''
# ---
