---
source: crates/pixi_manifest/src/toml/task.rs
expression: "expect_parse_failure(r#\"\n            cmd = \"test\"\n            depends-on = [{ task = \"foo\", args = [{ \"foo\" = \"bar\", \"baz\" = \"qux\" }] }]\n        \"#)"
---
  × got at least 2 elements when exactly one was expected
   ╭─[pixi.toml:3:51]
 2 │             cmd = "test"
 3 │             depends-on = [{ task = "foo", args = [{ "foo" = "bar", "baz" = "qux" }] }]
   ·                                                   ────────────────────────────────
 4 │
   ╰────
