---
source: crates/pixi_manifest/src/toml/conda_pypi_map.rs
expression: "expect_parse_failure(r#\"\n            [workspace]\n            channels = []\n            platforms = []\n            conda-pypi-map = { conda-forge = { mapping = { pytorch = true } } }\n            \"#)"
---
  × `true` is not supported; use a string to map the package to a PyPI name, or `false` to mark it as not a PyPI package
   ╭─[pixi.toml:5:70]
 4 │             platforms = []
 5 │             conda-pypi-map = { conda-forge = { mapping = { pytorch = true } } }
   ·                                                                      ────
 6 │
   ╰────
