---
source: crates/pixi_manifest/src/toml/workspace.rs
expression: "expect_parse_failure(r#\"\n        [workspace]\n        channels = []\n        platforms = [\n          { name = \"gpu\", platform = \"linux-64\", cuda = \"12.0\" },\n          { name = \"gpu\", platform = \"linux-64\", cuda = \"13.0\" },\n        ]\n        \"#,)"
---
  × duplicate key: `gpu`
   ╭─[pixi.toml:6:11]
 4 │         platforms = [
 5 │           { name = "gpu", platform = "linux-64", cuda = "12.0" },
   ·           ───────────────────────────┬──────────────────────────
   ·                                      ╰── first defined here
 6 │           { name = "gpu", platform = "linux-64", cuda = "13.0" },
   ·           ───────────────────────────┬──────────────────────────
   ·                                      ╰── duplicate defined here
 7 │         ]
   ╰────
