---
source: crates/pixi_manifest/src/toml/task.rs
expression: "expect_parse_failure(r#\"\n            cmd = \"test\"\n            depends = [\"a\", \"b\"]\n        \"#)"
---
  × Unexpected keys, expected only 'cmd', 'inputs', 'outputs', 'depends-on', 'cwd', 'env', 'description', 'clean-env', 'args'
   ╭─[pixi.toml:3:13]
 2 │             cmd = "test"
 3 │             depends = ["a", "b"]
   ·             ───┬───
   ·                ╰── 'depends' was not expected here
 4 │
   ╰────
  help: Did you mean 'depends-on'?
