---
source: crates/pixi_manifest/src/toml/manifest.rs
expression: "expect_parse_failure(r#\"\n        [workspace]\n        name = \"foo\"\n        channels = []\n        platforms = []\n        preview = [\"pixi-build\"]\n\n        [package]\n\n        [build-system]\n        build-backend = { name = \"foobar\", version = \"*\" }\n        \"#,)"
---
  × Missing field `version`
    ╭─[pixi.toml:8:9]
  7 │
  8 │         [package]
    ·         ──────────
  9 │
 10 │         [build-system]
    ╰────
