---
source: crates/pixi_manifest/src/toml/manifest.rs
expression: "expect_parse_failure(r#\"\n        [workspace]\n        name = \"foo\"\n        channels = []\n        platforms = []\n\n        [feature.\".dev\".dependencies]\n        x = \"*\"\n        \"#,)"
---
  × The feature name '.dev' is not allowed. Feature names starting with '.' are reserved for internal use.
   ╭─[pixi.toml:7:19]
 6 │
 7 │         [feature.".dev".dependencies]
   ·                   ────
 8 │         x = "*"
   ╰────
  help: Choose a feature name that does not start with '.'
