---
source: crates/pixi_manifest/src/toml/conda_pypi_map.rs
expression: "expect_parse_failure(r#\"\n            [workspace]\n            channels = []\n            platforms = []\n            conda-pypi-map = { conda-forge = { location = \"https://example.com/m.json\", cache-ttl = \"bogus\" } }\n            \"#)"
---
  × invalid `cache-ttl` duration: expected number at 0; expected a duration like "24h", "7d" or "1h 30m"
   ╭─[pixi.toml:5:102]
 4 │             platforms = []
 5 │             conda-pypi-map = { conda-forge = { location = "https://example.com/m.json", cache-ttl = "bogus" } }
   ·                                                                                                      ─────
 6 │
   ╰────
