---
source: crates/pixi_manifest/src/toml/manifest.rs
expression: "expect_parse_failure(r#\"\n        [workspace]\n        channels = []\n        platforms = []\n        preview = [\"pixi-build\"]\n\n        [package]\n\n        [feature.foobar.host-dependencies]\n        \"#,)"
---
  × [host-dependencies] in features are not supported when `pixi-build` is enabled.
    ╭─[pixi.toml:9:9]
  8 │
  9 │         [feature.foobar.host-dependencies]
    ·         ───────────────────────────────────
 10 │
    ╰────
