---
source: crates/pixi_manifest/src/toml/manifest.rs
expression: "expect_parse_failure(r#\"\n        [workspace]\n        name = \"test\"\n        channels = []\n        platforms = [\n            { name = \"cpu-linux-64\", platform = \"linux-64\" },\n        ]\n\n        [feature.gpu]\n        platforms = [\"linux-64-cuda\"]\n\n        [feature.legacy.system-requirements]\n        cuda = \"12\"\n\n        [environments]\n        gpu = [\"gpu\"]\n        legacy = [\"legacy\"]\n        \"#,)"
---
  × feature 'gpu' references platform 'linux-64-cuda' which is not declared in the workspace
  help: the workspace declares: cpu-linux-64
