---
source: crates/pixi_manifest/src/toml/build_system.rs
expression: "expect_parse_failure(r#\"\n            backend = { name = \"foobar\", git = \"https://github.com/org/repo\" }\n        \"#)"
---
  × `git` can only refer to a source distributions but a binary distribution was expected
   ╭─[pixi.toml:2:23]
 1 │
 2 │             backend = { name = "foobar", git = "https://github.com/org/repo" }
   ·                       ────────────────────────────────────────────────────────
 3 │
   ╰────
