---
source: crates/pixi_manifest/src/toml/build_system.rs
expression: "expect_parse_failure(r#\"\n            backend = { name = \"foobar\", version = \"*\", sub = \"bar\" }\n        \"#)"
---
  × Unexpected keys, expected only 'version', 'url', 'git', 'path', 'branch', 'rev', 'tag', 'subdirectory', 'build', 'build-number', 'file-name', 'channel', 'subdir', 'license', 'md5', 'sha256'
   ╭─[pixi.toml:2:57]
 1 │
 2 │             backend = { name = "foobar", version = "*", sub = "bar" }
   ·                                                         ─┬─
   ·                                                          ╰── 'sub' was not expected here
 3 │
   ╰────
  help: Did you mean 'subdir'?
