---
source: crates/pixi_manifest/src/toml/conda_pypi_map.rs
expression: "expect_parse_failure(r#\"\n            [workspace]\n            channels = []\n            platforms = []\n            conda-pypi-map = { conda-forge = { location = \"m.json\", mode = \"bogus\" } }\n            \"#)"
---
  × Expected one of 'extend', 'replace'
   ╭─[pixi.toml:5:77]
 4 │             platforms = []
 5 │             conda-pypi-map = { conda-forge = { location = "m.json", mode = "bogus" } }
   ·                                                                             ─────
 6 │
   ╰────
