---
source: crates/pixi_manifest/src/toml/pypi_options.rs
expression: options
---
PypiOptions {
    index_url: Some(
        Url {
            scheme: "https",
            cannot_be_a_base: false,
            username: "",
            password: None,
            host: Some(
                Domain(
                    "pypi.org",
                ),
            ),
            port: None,
            path: "/simple",
            query: None,
            fragment: None,
        },
    ),
    extra_index_urls: Some(
        [
            Url {
                scheme: "https",
                cannot_be_a_base: false,
                username: "",
                password: None,
                host: Some(
                    Domain(
                        "pypi.org",
                    ),
                ),
                port: None,
                path: "/simple",
                query: None,
                fragment: None,
            },
            Url {
                scheme: "file",
                cannot_be_a_base: false,
                username: "",
                password: None,
                host: None,
                port: None,
                path: "/path/to/simple",
                query: None,
                fragment: None,
            },
        ],
    ),
    find_links: Some(
        [
            Path(
                "../",
            ),
            Url(
                Url {
                    scheme: "https",
                    cannot_be_a_base: false,
                    username: "",
                    password: None,
                    host: Some(
                        Domain(
                            "google.com",
                        ),
                    ),
                    port: None,
                    path: "/",
                    query: None,
                    fragment: None,
                },
            ),
        ],
    ),
    no_build_isolation: Packages(
        {
            PackageName(
                "sigma",
            ),
        },
    ),
    index_strategy: Some(
        FirstIndex,
    ),
    no_build: Some(
        All,
    ),
}
