---
source: crates/pixi_manifest/src/toml/manifest.rs
expression: "expect_parse_failure(r#\"\n        [workspace]\n        channels = []\n        platforms = []\n\n        [feature.foobar.run-dependencies]\n        \"#,)"
---
  × unknown field `run-dependencies`, expected one of `platforms`, `channels`, `channel-priority`, `system-requirements`, `target`, `dependencies`, `host-dependencies`, `build-dependencies`, `pypi-
  │ dependencies`, `activation`, `tasks`, `pypi-options`
   ╭─[pixi.toml:6:25]
 5 │ 
 6 │         [feature.foobar.run-dependencies]
   ·                         ────────────────
 7 │         
   ╰────
