---
source: crates/pixi_glob/src/glob_hash.rs
expression: snapshot
---
Globs:
- tests/data/satisfiability/source-dependency/**/*
Hash: 1f5397307cfc50de1d4edbf00c9edde7a2a76a0424d046e5a3f1779f99786248
Matched files:
- tests/data/satisfiability/source-dependency/child-package/pixi.toml
- tests/data/satisfiability/source-dependency/pixi.lock
- tests/data/satisfiability/source-dependency/pixi.toml
