---
source: crates/pixi_glob/src/glob_hash.rs
expression: snapshot
---
Globs:
- tests/data/satisfiability/source-dependency/**/*
Hash: 102d09fa574a095794f0aad9e6831b6c4a30abae9d3bcbac0e7d5a72250d03b5
Matched files:
- tests/data/satisfiability/source-dependency/child-package/pixi.toml
- tests/data/satisfiability/source-dependency/pixi.lock
- tests/data/satisfiability/source-dependency/pixi.toml
