---
source: crates/pixi-build-rattler-build/src/protocol.rs
expression: conda_outputs_snapshot(result)
input_file: tests/recipe/pin-subpackage-variants/recipe.yaml
---
{
  "outputs": [
    {
      "metadata": {
        "name": "my-package",
        "version": "0.1.0",
        "build": "py38hb368f13_0",
        "buildNumber": 0,
        "subdir": "noarch",
        "noarch": "generic",
        "variant": {
          "python": "3.8",
          "target_platform": "noarch"
        }
      },
      "hostDependencies": {
        "depends": [
          {
            "name": "python",
            "binary": {
              "version": "3.8.*"
            }
          }
        ]
      }
    },
    {
      "metadata": {
        "name": "my-package-pinned",
        "version": "0.1.0",
        "build": "h1670b25_0",
        "buildNumber": 0,
        "subdir": "noarch",
        "noarch": "generic",
        "variant": {
          "my-package": "0.1.0 py38hb368f13_0",
          "target_platform": "noarch"
        }
      },
      "runDependencies": {
        "depends": [
          {
            "name": "my-package",
            "source": {
              "path": {
                "path": "."
              },
              "version": "==0.1.0",
              "build": "py38hb368f13_0"
            }
          }
        ]
      }
    },
    {
      "metadata": {
        "name": "my-package",
        "version": "0.1.0",
        "build": "py39h6a44458_0",
        "buildNumber": 0,
        "subdir": "noarch",
        "noarch": "generic",
        "variant": {
          "python": "3.9",
          "target_platform": "noarch"
        }
      },
      "hostDependencies": {
        "depends": [
          {
            "name": "python",
            "binary": {
              "version": "3.9.*"
            }
          }
        ]
      }
    },
    {
      "metadata": {
        "name": "my-package-pinned",
        "version": "0.1.0",
        "build": "h11d4084_0",
        "buildNumber": 0,
        "subdir": "noarch",
        "noarch": "generic",
        "variant": {
          "my-package": "0.1.0 py39h6a44458_0",
          "target_platform": "noarch"
        }
      },
      "runDependencies": {
        "depends": [
          {
            "name": "my-package",
            "source": {
              "path": {
                "path": "."
              },
              "version": "==0.1.0",
              "build": "py39h6a44458_0"
            }
          }
        ]
      }
    },
    {
      "metadata": {
        "name": "my-package",
        "version": "0.1.0",
        "build": "py310hbede2c2_0",
        "buildNumber": 0,
        "subdir": "noarch",
        "noarch": "generic",
        "variant": {
          "python": "3.10",
          "target_platform": "noarch"
        }
      },
      "hostDependencies": {
        "depends": [
          {
            "name": "python",
            "binary": {
              "version": "3.10.*"
            }
          }
        ]
      }
    },
    {
      "metadata": {
        "name": "my-package-pinned",
        "version": "0.1.0",
        "build": "hba4f637_0",
        "buildNumber": 0,
        "subdir": "noarch",
        "noarch": "generic",
        "variant": {
          "my-package": "0.1.0 py310hbede2c2_0",
          "target_platform": "noarch"
        }
      },
      "runDependencies": {
        "depends": [
          {
            "name": "my-package",
            "source": {
              "path": {
                "path": "."
              },
              "version": "==0.1.0",
              "build": "py310hbede2c2_0"
            }
          }
        ]
      }
    }
  ],
  "inputGlobs": [
    "recipe.yaml",
    "variants.yaml"
  ]
}
