---
source: src/pypi_tags.rs
expression: tags
---
[
    "manylinux_2_17_x86_64",
    "manylinux2014_x86_64",
    "manylinux_2_16_x86_64",
    "manylinux_2_15_x86_64",
    "manylinux_2_14_x86_64",
    "manylinux_2_13_x86_64",
    "manylinux_2_12_x86_64",
    "manylinux2010_x86_64",
    "manylinux_2_11_x86_64",
    "manylinux_2_10_x86_64",
    "manylinux_2_9_x86_64",
    "manylinux_2_8_x86_64",
    "manylinux_2_7_x86_64",
    "manylinux_2_6_x86_64",
    "manylinux_2_5_x86_64",
    "manylinux1_x86_64",
    "manylinux_2_4_x86_64",
    "manylinux_2_3_x86_64",
    "manylinux_2_2_x86_64",
    "manylinux_2_1_x86_64",
    "manylinux_2_0_x86_64",
]
