---
source: src/virtual_packages.rs
assertion_line: 186
expression: packages
---
[
    Unix,
    Archspec(
        Archspec {
            spec: "arm64",
        },
    ),
    Osx(
        Osx {
            version: Version {
                version: [[0], [11], [0]],
                local: [],
            },
        },
    ),
]
