---
source: src/virtual_packages.rs
expression: packages
---
[
    Unix,
    Archspec(
        Archspec {
            spec: "x86_64",
        },
    ),
    Osx(
        Osx {
            version: Version {
                norm: Some(
                    "10.15",
                ),
                version: "[[0], [10], [15]]",
                local: "[]",
            },
        },
    ),
]
