---
source: src/project/manifest.rs
expression: "toml_edit::de::from_str::<ProjectManifest>(&contents).expect(\"parsing should succeed!\")"
---
ProjectManifest {
    project: ProjectMetadata {
        name: "foo",
        version: Some(
            Version {
                version: [[0], [0], [1], [0]],
                local: [],
            },
        ),
        description: None,
        authors: [],
        channels: [],
        platforms: PixiSpanned {
            span: Some(
                121..123,
            ),
            value: [],
        },
        license: None,
        license_file: None,
        readme: None,
        homepage: None,
        repository: None,
        documentation: None,
    },
    tasks: {},
    system_requirements: SystemRequirements {
        windows: None,
        unix: None,
        macos: None,
        linux: None,
        cuda: None,
        libc: None,
        archspec: None,
    },
    dependencies: {},
    host_dependencies: None,
    build_dependencies: None,
    target: {},
    activation: None,
    pypi_dependencies: Some(
        {
            PackageName {
                source: "foo",
                normalized: "foo",
            }: PyPiRequirement {
                version: Some(
                    VersionSpecifiers(
                        [
                            VersionSpecifier {
                                operator: GreaterThanEqual,
                                version: Version {
                                    epoch: 0,
                                    release: [
                                        3,
                                        12,
                                    ],
                                    pre: None,
                                    post: None,
                                    dev: None,
                                    local: None,
                                },
                            },
                        ],
                    ),
                ),
                extras: None,
            },
            PackageName {
                source: "bar",
                normalized: "bar",
            }: PyPiRequirement {
                version: Some(
                    VersionSpecifiers(
                        [
                            VersionSpecifier {
                                operator: GreaterThanEqual,
                                version: Version {
                                    epoch: 0,
                                    release: [
                                        3,
                                        12,
                                    ],
                                    pre: None,
                                    post: None,
                                    dev: None,
                                    local: None,
                                },
                            },
                        ],
                    ),
                ),
                extras: Some(
                    [
                        "baz",
                    ],
                ),
            },
        },
    ),
}
