---
source: src/project/virtual_packages.rs
expression: packages
---
[
    GenericVirtualPackage {
        name: PackageName {
            normalized: None,
            source: "__unix",
        },
        version: Version {
            version: [[0], [0]],
            local: [],
        },
        build_string: "0",
    },
    GenericVirtualPackage {
        name: PackageName {
            normalized: None,
            source: "__linux",
        },
        version: Version {
            version: [[0], [5], [10]],
            local: [],
        },
        build_string: "0",
    },
    GenericVirtualPackage {
        name: PackageName {
            normalized: None,
            source: "__glibc",
        },
        version: Version {
            version: [[0], [2], [28]],
            local: [],
        },
        build_string: "0",
    },
    GenericVirtualPackage {
        name: PackageName {
            normalized: None,
            source: "__archspec",
        },
        version: Version {
            version: [[0], [1]],
            local: [],
        },
        build_string: "ppc64le",
    },
]
