---
source: src/project/mod.rs
expression: "project.all_dependencies(Platform::Linux64).unwrap()"
---
{
    PackageName {
        normalized: None,
        source: "foo",
    }: NamelessMatchSpec {
        version: Some(
            Exact(
                Equals,
                Version {
                    version: [[0], [1], [0]],
                    local: [],
                },
            ),
        ),
        build: None,
        build_number: None,
        file_name: None,
        channel: None,
        subdir: None,
        namespace: None,
        md5: None,
        sha256: None,
    },
    PackageName {
        normalized: None,
        source: "wolflib",
    }: NamelessMatchSpec {
        version: Some(
            Exact(
                Equals,
                Version {
                    version: [[0], [1], [0]],
                    local: [],
                },
            ),
        ),
        build: None,
        build_number: None,
        file_name: None,
        channel: None,
        subdir: None,
        namespace: None,
        md5: None,
        sha256: None,
    },
    PackageName {
        normalized: None,
        source: "libc",
    }: NamelessMatchSpec {
        version: Some(
            Exact(
                Equals,
                Version {
                    version: [[0], [2], [12]],
                    local: [],
                },
            ),
        ),
        build: None,
        build_number: None,
        file_name: None,
        channel: None,
        subdir: None,
        namespace: None,
        md5: None,
        sha256: None,
    },
    PackageName {
        normalized: None,
        source: "banksy",
    }: NamelessMatchSpec {
        version: Some(
            Exact(
                Equals,
                Version {
                    version: [[0], [1], [0]],
                    local: [],
                },
            ),
        ),
        build: None,
        build_number: None,
        file_name: None,
        channel: None,
        subdir: None,
        namespace: None,
        md5: None,
        sha256: None,
    },
    PackageName {
        normalized: None,
        source: "bar",
    }: NamelessMatchSpec {
        version: Some(
            Exact(
                Equals,
                Version {
                    version: [[0], [1], [0]],
                    local: [],
                },
            ),
        ),
        build: None,
        build_number: None,
        file_name: None,
        channel: None,
        subdir: None,
        namespace: None,
        md5: None,
        sha256: None,
    },
    PackageName {
        normalized: None,
        source: "baz",
    }: NamelessMatchSpec {
        version: Some(
            Exact(
                Equals,
                Version {
                    version: [[0], [1], [0]],
                    local: [],
                },
            ),
        ),
        build: None,
        build_number: None,
        file_name: None,
        channel: None,
        subdir: None,
        namespace: None,
        md5: None,
        sha256: None,
    },
}
