---
source: crates/pixi_pypi_spec/src/lib.rs
expression: snapshot
---
- input: "pkg = \"==1.2.3\""
  result: "==1.2.3"
- input: "pkg = { version = \"==1.2.3\" } "
  result:
    version: "==1.2.3"
    extras: []
    index: ~
- input: "pkg = \"*\""
  result: "*"
- input: "pkg = { path = \"foobar\" } "
  result:
    path: foobar
    editable: ~
    extras: []
- input: "pkg = { path = \"~/.cache\" } "
  result:
    path: ~/.cache
    editable: ~
    extras: []
- input: "pkg = { url = \"https://conda.anaconda.org/conda-forge/linux-64/21cmfast-3.3.1-py38h0db86a8_1.conda\" }"
  result:
    url: "https://conda.anaconda.org/conda-forge/linux-64/21cmfast-3.3.1-py38h0db86a8_1.conda"
    subdirectory: ~
    extras: []
- input: "pkg = { git = \"https://github.com/conda-forge/21cmfast-feedstock\" }"
  result:
    url:
      git: "https://github.com/conda-forge/21cmfast-feedstock"
    extras: []
- input: "pkg = { git = \"https://github.com/conda-forge/21cmfast-feedstock\", \"branch\" = \"main\" }"
  result:
    url:
      git: "https://github.com/conda-forge/21cmfast-feedstock"
      branch: main
    extras: []
- input: "pkg = { git = \"ssh://github.com/conda-forge/21cmfast-feedstock\", \"tag\" = \"v1.2.3\" }"
  result:
    url:
      git: "ssh://github.com/conda-forge/21cmfast-feedstock"
      tag: v1.2.3
    extras: []
- input: "pkg = { git = \"https://github.com/prefix-dev/rattler-build\", \"rev\" = \"123456\" }"
  result:
    url:
      git: "https://github.com/prefix-dev/rattler-build"
      rev: "123456"
    extras: []
- input: "pkg = { git = \"https://github.com/prefix-dev/rattler-build\", \"subdirectory\" = \"pyrattler\" }"
  result:
    url:
      git: "https://github.com/prefix-dev/rattler-build"
      subdirectory: pyrattler
    extras: []
- input: "pkg = { git = \"https://github.com/prefix-dev/rattler-build\", \"extras\" = [\"test\"] }"
  result:
    url:
      git: "https://github.com/prefix-dev/rattler-build"
    extras:
      - test
