---
source: crates/pixi_command_dispatcher/tests/integration/main.rs
expression: event_tree.to_string()
---
Pixi solve (foobar-desktop)
├── Git Checkout (https://github.com/wolfv/pixi-build-examples@8d230eda9b4cdaaefd24aad87fd923d4b7c3c78a)
├── Source metadata (foobar-desktop @ https://github.com/wolfv/pixi-build-examples@8d230eda9b4cdaaefd24aad87fd923d4b7c3c78a)
│   └── Build backend metadata (https://github.com/wolfv/pixi-build-examples@8d230eda9b4cdaaefd24aad87fd923d4b7c3c78a)
│       └── Instantiate tool environment (pixi-build-rattler-build)
│           ├── Pixi solve (pixi-build-rattler-build)
│           │   └── Conda solve #0
│           └── Pixi install (pixi-build-rattler-build)
├── Source metadata (foobar @ https://github.com/wolfv/pixi-build-examples@8d230eda9b4cdaaefd24aad87fd923d4b7c3c78a)
└── Conda solve #1
Pixi install (test-env)
├── Source build (foobar @ https://github.com/wolfv/pixi-build-examples@8d230eda9b4cdaaefd24aad87fd923d4b7c3c78a)
└── Source build (foobar-desktop @ https://github.com/wolfv/pixi-build-examples@8d230eda9b4cdaaefd24aad87fd923d4b7c3c78a)
