---
source: crates/pixi_command_dispatcher/tests/integration/main.rs
expression: "format!(\"ERROR:\\n{}\\n\\nTRACE:\\n{}\", format_diagnostic(&error),\nevent_tree.to_string())"
---
ERROR:
  × detected a cyclic dependency:

  │ ┌──→──┐
  │ |  package_a
  │ |    requires package_b (host)
  │ ↑     ↓
  │ |  package_b
  │ |    requires package_a (run)
  │ └──←──┘


TRACE:
Pixi solve (package_a)
└── Source metadata (package_a @ (manifest-src: package_a, build-src: undefined))
    ├── Build backend metadata ((manifest-src: package_a, build-src: undefined))
    └── Pixi solve (package_b)
        └── Source metadata (package_b @ (manifest-src: package_b, build-src: undefined))
            └── Build backend metadata ((manifest-src: package_b, build-src: undefined))
