---
source: crates/pixi_command_dispatcher/tests/integration/main.rs
expression: output
---
Pixi solve (foobar-desktop)
├── Git Checkout (file://[LOCAL_GIT_REPO]@7d54a632b7c2a08188a053988f118d7963b09e29)
├── Source metadata (foobar-desktop @ git+file://[LOCAL_GIT_REPO]?subdirectory=recipe&rev=[GIT_REF]#[GIT_HASH])
│       └── Instantiate tool environment (pixi-build-rattler-build)
│           ├── Pixi solve (pixi-build-rattler-build)
│           │   └── Conda solve #0
│           └── Pixi install (pixi-build-rattler-build)
├── Source metadata (foobar @ git+file://[LOCAL_GIT_REPO]?subdirectory=recipe&rev=[GIT_REF]#[GIT_HASH])
└── Conda solve #1
Pixi install (test-env)
├── Source build (foobar @ (manifest-src: git+file://[LOCAL_GIT_REPO]?subdirectory=recipe&rev=[GIT_REF]#[GIT_HASH], build-src: undefined))
│   └── Backend source build (foobar)
└── Source build (foobar-desktop @ (manifest-src: git+file://[LOCAL_GIT_REPO]?subdirectory=recipe&rev=[GIT_REF]#[GIT_HASH], build-src: undefined))
    └── Backend source build (foobar-desktop)
