---
source: crates/pixi/tests/integration_rust/add_tests.rs
expression: pixi.project().unwrap().manifest().source.to_string()
---
[project]
name = "test-channel-change"
channels = ["https://prefix.dev/conda-forge"]
platforms = ["linux-64"]
preview = ['pixi-build']

[dependencies]
boost-check = { git = "https://user:token123@github.com/wolfv/pixi-build-examples.git", branch = "main", subdirectory = "boost-check" }
