---
source: crates/pixi/tests/integration_rust/add_tests.rs
expression: error
---
MietteDiagnostic {
    message: "conda source dependencies are not allowed without enabling the 'pixi-build' preview feature",
    code: None,
    severity: None,
    help: Some(
        "Run `pixi workspace preview add pixi-build` to enable the preview feature (<MANIFEST_PATH>)",
    ),
    url: None,
    labels: None,
}
